
R version 3.5.1 (2018-07-02) -- "Feather Spray"
Copyright (C) 2018 The R Foundation for Statistical Computing
Platform: x86_64-apple-darwin15.6.0 (64-bit)

R is free software and comes with ABSOLUTELY NO WARRANTY.
You are welcome to redistribute it under certain conditions.
Type 'license()' or 'licence()' for distribution details.

  Natural language support but running in an English locale

R is a collaborative project with many contributors.
Type 'contributors()' for more information and
'citation()' on how to cite R or R packages in publications.

Type 'demo()' for some demos, 'help()' for on-line help, or
'help.start()' for an HTML browser interface to help.
Type 'q()' to quit R.

> pkgname <- "rMVP"
> source(file.path(R.home("share"), "R", "examples-header.R"))
> options(warn = 1)
> library('rMVP')
Loading required package: Rcpp
Loading required package: RcppProgress
Loading required package: BH
Loading required package: bigmemory
Loading required package: biganalytics
Loading required package: foreach
Loading required package: biglm
Loading required package: DBI
Loading required package: parallel
Loading required package: MASS
> 
> base::assign(".oldSearch", base::search(), pos = 'CheckExEnv')
> base::assign(".old_wd", base::getwd(), pos = 'CheckExEnv')
> cleanEx()
> nameEx("MVP.Data.Bfile2MVP")
> ### * MVP.Data.Bfile2MVP
> 
> flush(stderr()); flush(stdout())
> 
> ### Name: MVP.Data.Bfile2MVP
> ### Title: MVP.Data.Bfile2MVP: To transform plink binary data to MVP
> ###   package Author: Haohao Zhang Build date: Sep 12, 2018
> ### Aliases: MVP.Data.Bfile2MVP
> 
> ### ** Examples
> 
> bfilePath <- system.file("extdata", "02_bfile", "mvp", package = "rMVP")
> MVP.Data.Bfile2MVP(bfilePath)
Reading file...
Preparation for MAP data is done within 0s 
inds: 281	markers:3092
Number of threads: 3
0%   10   20   30   40   50   60   70   80   90   100%
[----|----|----|----|----|----|----|----|----|----|
**************************************************|
Preparation for GENOTYPE data is done within 0s 
> 
> 
> 
> cleanEx()
> nameEx("MVP.Data.Hapmap2MVP")
> ### * MVP.Data.Hapmap2MVP
> 
> flush(stderr()); flush(stdout())
> 
> ### Name: MVP.Data.Hapmap2MVP
> ### Title: MVP.Data.Hapmap2MVP: To transform Hapmap data to MVP package
> ###   Author: Haohao Zhang Build date: Sep 12, 2018
> ### Aliases: MVP.Data.Hapmap2MVP
> 
> ### ** Examples
> 
> hapmapPath <- system.file("extdata", "mvp.hmp", package = "rMVP")
> MVP.Data.Hapmap2MVP(hapmapPath)
Reading file...
Error in hapmap_parser_map(hapmap_file, out) : 
  ERROR: Wrong HAPMAP file, no line begin with "rs#".
Calls: MVP.Data.Hapmap2MVP -> hapmap_parser_map
Execution halted
